This is pdfTeX, Version 3.141592653-2.6-1.40.29 (TeX Live 2026/Arch Linux) (preloaded format=pdflatex 2026.8.23)  7 SEP 2026 11:58
entering extended mode
 restricted \write18 enabled.
 file:line:error style messages enabled.
 %&-line parsing enabled.
**/home/claudio/tesi/SECMotionModel/results_esp_8/risultati_esp_8.tex
(/home/claudio/tesi/SECMotionModel/results_esp_8/risultati_esp_8.tex
LaTeX2e <2025-11-01>
L3 programming layer <2026-01-19>
(/usr/share/texmf-dist/tex/latex/base/article.cls
Document Class: article 2025/01/22 v1.4n Standard LaTeX document class
(/usr/share/texmf-dist/tex/latex/base/size11.clo
File: size11.clo 2025/01/22 v1.4n Standard LaTeX file (size option)
)
\c@part=\count275
\c@section=\count276
\c@subsection=\count277
\c@subsubsection=\count278
\c@paragraph=\count279
\c@subparagraph=\count280
\c@figure=\count281
\c@table=\count282
\abovecaptionskip=\skip49
\belowcaptionskip=\skip50
\bibindent=\dimen148
) (/usr/share/texmf-dist/tex/latex/base/inputenc.sty
Package: inputenc 2024/02/08 v1.3d Input encoding file
\inpenc@prehook=\toks17
\inpenc@posthook=\toks18
) (/usr/share/texmf-dist/tex/latex/geometry/geometry.sty
Package: geometry 2020/01/02 v5.9 Page Geometry
 (/usr/share/texmf-dist/tex/latex/graphics/keyval.sty
Package: keyval 2022/05/29 v1.15 key=value parser (DPC)
\KV@toks@=\toks19
) (/usr/share/texmf-dist/tex/generic/iftex/ifvtex.sty
Package: ifvtex 2019/10/25 v1.7 ifvtex legacy package. Use iftex instead.
 (/usr/share/texmf-dist/tex/generic/iftex/iftex.sty
Package: iftex 2024/12/12 v1.0g TeX engine tests
))
\Gm@cnth=\count283
\Gm@cntv=\count284
\c@Gm@tempcnt=\count285
\Gm@bindingoffset=\dimen149
\Gm@wd@mp=\dimen150
\Gm@odd@mp=\dimen151
\Gm@even@mp=\dimen152
\Gm@layoutwidth=\dimen153
\Gm@layoutheight=\dimen154
\Gm@layouthoffset=\dimen155
\Gm@layoutvoffset=\dimen156
\Gm@dimlist=\toks20
) (/usr/share/texmf-dist/tex/latex/amsmath/amsmath.sty
Package: amsmath 2025/07/09 v2.17z AMS math features
\@mathmargin=\skip51

For additional information on amsmath, use the `?' option.
(/usr/share/texmf-dist/tex/latex/amsmath/amstext.sty
Package: amstext 2024/11/17 v2.01 AMS text
 (/usr/share/texmf-dist/tex/latex/amsmath/amsgen.sty
File: amsgen.sty 1999/11/30 v2.0 generic functions
\@emptytoks=\toks21
\ex@=\dimen157
)) (/usr/share/texmf-dist/tex/latex/amsmath/amsbsy.sty
Package: amsbsy 1999/11/29 v1.2d Bold Symbols
\pmbraise@=\dimen158
) (/usr/share/texmf-dist/tex/latex/amsmath/amsopn.sty
Package: amsopn 2022/04/08 v2.04 operator names
)
\inf@bad=\count286
LaTeX Info: Redefining \frac on input line 233.
\uproot@=\count287
\leftroot@=\count288
LaTeX Info: Redefining \overline on input line 398.
LaTeX Info: Redefining \colon on input line 409.
\classnum@=\count289
\DOTSCASE@=\count290
LaTeX Info: Redefining \ldots on input line 495.
LaTeX Info: Redefining \dots on input line 498.
LaTeX Info: Redefining \cdots on input line 619.
\Mathstrutbox@=\box53
\strutbox@=\box54
LaTeX Info: Redefining \big on input line 721.
LaTeX Info: Redefining \Big on input line 722.
LaTeX Info: Redefining \bigg on input line 723.
LaTeX Info: Redefining \Bigg on input line 724.
\big@size=\dimen159
LaTeX Font Info:    Redeclaring font encoding OML on input line 742.
LaTeX Font Info:    Redeclaring font encoding OMS on input line 743.
\macc@depth=\count291
LaTeX Info: Redefining \bmod on input line 904.
LaTeX Info: Redefining \pmod on input line 909.
LaTeX Info: Redefining \smash on input line 939.
LaTeX Info: Redefining \relbar on input line 969.
LaTeX Info: Redefining \Relbar on input line 970.
\c@MaxMatrixCols=\count292
\dotsspace@=\muskip17
\c@parentequation=\count293
\dspbrk@lvl=\count294
\tag@help=\toks22
\row@=\count295
\column@=\count296
\maxfields@=\count297
\andhelp@=\toks23
\eqnshift@=\dimen160
\alignsep@=\dimen161
\tagshift@=\dimen162
\tagwidth@=\dimen163
\totwidth@=\dimen164
\lineht@=\dimen165
\@envbody=\toks24
\multlinegap=\skip52
\multlinetaggap=\skip53
\mathdisplay@stack=\toks25
LaTeX Info: Redefining \[ on input line 2950.
LaTeX Info: Redefining \] on input line 2951.
) (/usr/share/texmf-dist/tex/latex/graphics/graphicx.sty
Package: graphicx 2024/12/31 v1.2e Enhanced LaTeX Graphics (DPC,SPQR)
 (/usr/share/texmf-dist/tex/latex/graphics/graphics.sty
Package: graphics 2024/08/06 v1.4g Standard LaTeX Graphics (DPC,SPQR)
 (/usr/share/texmf-dist/tex/latex/graphics/trig.sty
Package: trig 2023/12/02 v1.11 sin cos tan (DPC)
) (/usr/share/texmf-dist/tex/latex/graphics-cfg/graphics.cfg
File: graphics.cfg 2016/06/04 v1.11 sample graphics configuration
)
Package graphics Info: Driver file: pdftex.def on input line 106.
 (/usr/share/texmf-dist/tex/latex/graphics-def/pdftex.def
File: pdftex.def 2025/09/29 v1.2d Graphics/color driver for pdftex
))
\Gin@req@height=\dimen166
\Gin@req@width=\dimen167
) (/usr/share/texmf-dist/tex/latex/caption/caption.sty
Package: caption 2023/08/05 v3.6o Customizing captions (AR)
 (/usr/share/texmf-dist/tex/latex/caption/caption3.sty
Package: caption3 2023/07/31 v2.4d caption3 kernel (AR)
\caption@tempdima=\dimen168
\captionmargin=\dimen169
\caption@leftmargin=\dimen170
\caption@rightmargin=\dimen171
\caption@width=\dimen172
\caption@indent=\dimen173
\caption@parindent=\dimen174
\caption@hangindent=\dimen175
Package caption Info: Standard document class detected.
)
\c@caption@flags=\count298
\c@continuedfloat=\count299
) (/usr/share/texmf-dist/tex/latex/hyperref/hyperref.sty
Package: hyperref 2026-01-29 v7.01p Hypertext links for LaTeX
 (/usr/share/texmf-dist/tex/latex/kvsetkeys/kvsetkeys.sty
Package: kvsetkeys 2022-10-05 v1.19 Key value parser (HO)
) (/usr/share/texmf-dist/tex/generic/kvdefinekeys/kvdefinekeys.sty
Package: kvdefinekeys 2019-12-19 v1.6 Define keys (HO)
) (/usr/share/texmf-dist/tex/generic/pdfescape/pdfescape.sty
Package: pdfescape 2019/12/09 v1.15 Implements pdfTeX's escape features (HO)
 (/usr/share/texmf-dist/tex/generic/ltxcmds/ltxcmds.sty
Package: ltxcmds 2023-12-04 v1.26 LaTeX kernel commands for general use (HO)
) (/usr/share/texmf-dist/tex/generic/pdftexcmds/pdftexcmds.sty
Package: pdftexcmds 2020-06-27 v0.33 Utility functions of pdfTeX for LuaTeX (HO)
 (/usr/share/texmf-dist/tex/generic/infwarerr/infwarerr.sty
Package: infwarerr 2019/12/03 v1.5 Providing info/warning/error messages (HO)
)
Package pdftexcmds Info: \pdf@primitive is available.
Package pdftexcmds Info: \pdf@ifprimitive is available.
Package pdftexcmds Info: \pdfdraftmode found.
)) (/usr/share/texmf-dist/tex/latex/hycolor/hycolor.sty
Package: hycolor 2020-01-27 v1.10 Color options for hyperref/bookmark (HO)
) (/usr/share/texmf-dist/tex/latex/hyperref/nameref.sty
Package: nameref 2026-01-29 v2.58 Cross-referencing by name of section
 (/usr/share/texmf-dist/tex/latex/refcount/refcount.sty
Package: refcount 2019/12/15 v3.6 Data extraction from label references (HO)
) (/usr/share/texmf-dist/tex/generic/gettitlestring/gettitlestring.sty
Package: gettitlestring 2019/12/15 v1.6 Cleanup title references (HO)
 (/usr/share/texmf-dist/tex/latex/kvoptions/kvoptions.sty
Package: kvoptions 2022-06-15 v3.15 Key value format for package options (HO)
))
\c@section@level=\count300
) (/usr/share/texmf-dist/tex/latex/etoolbox/etoolbox.sty
Package: etoolbox 2025/10/02 v2.5m e-TeX tools for LaTeX (JAW)
\etb@tempcnta=\count301
) (/usr/share/texmf-dist/tex/generic/stringenc/stringenc.sty
Package: stringenc 2019/11/29 v1.12 Convert strings between diff. encodings (HO)
)
\@linkdim=\dimen176
\Hy@linkcounter=\count302
\Hy@pagecounter=\count303
 (/usr/share/texmf-dist/tex/latex/hyperref/pd1enc.def
File: pd1enc.def 2026-01-29 v7.01p Hyperref: PDFDocEncoding definition (HO)
Now handling font encoding PD1 ...
... no UTF-8 mapping file for font encoding PD1
) (/usr/share/texmf-dist/tex/generic/intcalc/intcalc.sty
Package: intcalc 2019/12/15 v1.3 Expandable calculations with integers (HO)
)
\Hy@SavedSpaceFactor=\count304
 (/usr/share/texmf-dist/tex/latex/hyperref/puenc.def
File: puenc.def 2026-01-29 v7.01p Hyperref: PDF Unicode definition (HO)
Now handling font encoding PU ...
... no UTF-8 mapping file for font encoding PU
)
Package hyperref Info: Hyper figures OFF on input line 4201.
Package hyperref Info: Link nesting OFF on input line 4206.
Package hyperref Info: Hyper index ON on input line 4209.
Package hyperref Info: Plain pages OFF on input line 4216.
Package hyperref Info: Backreferencing OFF on input line 4221.
Package hyperref Info: Implicit mode ON; LaTeX internals redefined.
Package hyperref Info: Bookmarks ON on input line 4468.
\c@Hy@tempcnt=\count305
 (/usr/share/texmf-dist/tex/latex/url/url.sty
\Urlmuskip=\muskip18
Package: url 2013/09/16  ver 3.4  Verb mode for urls, etc.
)
LaTeX Info: Redefining \url on input line 4807.
\XeTeXLinkMargin=\dimen177
 (/usr/share/texmf-dist/tex/generic/bitset/bitset.sty
Package: bitset 2019/12/09 v1.3 Handle bit-vector datatype (HO)
 (/usr/share/texmf-dist/tex/generic/bigintcalc/bigintcalc.sty
Package: bigintcalc 2019/12/15 v1.5 Expandable calculations on big integers (HO)
))
\Fld@menulength=\count306
\Field@Width=\dimen178
\Fld@charsize=\dimen179
Package hyperref Info: Hyper figures OFF on input line 6084.
Package hyperref Info: Link nesting OFF on input line 6089.
Package hyperref Info: Hyper index ON on input line 6092.
Package hyperref Info: backreferencing OFF on input line 6099.
Package hyperref Info: Link coloring OFF on input line 6104.
Package hyperref Info: Link coloring with OCG OFF on input line 6109.
Package hyperref Info: PDF/A mode OFF on input line 6114.
\Hy@abspage=\count307
\c@Item=\count308
\c@Hfootnote=\count309
)
Package hyperref Info: Driver (autodetected): hpdftex.
 (/usr/share/texmf-dist/tex/latex/hyperref/hpdftex.def
File: hpdftex.def 2026-01-29 v7.01p Hyperref driver for pdfTeX
\Fld@listcount=\count310
\c@bookmark@seq@number=\count311
 (/usr/share/texmf-dist/tex/latex/rerunfilecheck/rerunfilecheck.sty
Package: rerunfilecheck 2025-06-21 v1.11 Rerun checks for auxiliary files (HO)
 (/usr/share/texmf-dist/tex/generic/uniquecounter/uniquecounter.sty
Package: uniquecounter 2019/12/15 v1.4 Provide unlimited unique counter (HO)
)
Package uniquecounter Info: New unique counter `rerunfilecheck' on input line 284.
)
\Hy@SectionHShift=\skip54
) (/usr/share/texmf-dist/tex/latex/l3backend/l3backend-pdftex.def
File: l3backend-pdftex.def 2025-10-09 L3 backend support: PDF output (pdfTeX)
\l__color_backend_stack_int=\count312
) (./risultati_esp_8.aux)
\openout1 = `risultati_esp_8.aux'.

LaTeX Font Info:    Checking defaults for OML/cmm/m/it on input line 16.
LaTeX Font Info:    ... okay on input line 16.
LaTeX Font Info:    Checking defaults for OMS/cmsy/m/n on input line 16.
LaTeX Font Info:    ... okay on input line 16.
LaTeX Font Info:    Checking defaults for OT1/cmr/m/n on input line 16.
LaTeX Font Info:    ... okay on input line 16.
LaTeX Font Info:    Checking defaults for T1/cmr/m/n on input line 16.
LaTeX Font Info:    ... okay on input line 16.
LaTeX Font Info:    Checking defaults for TS1/cmr/m/n on input line 16.
LaTeX Font Info:    ... okay on input line 16.
LaTeX Font Info:    Checking defaults for OMX/cmex/m/n on input line 16.
LaTeX Font Info:    ... okay on input line 16.
LaTeX Font Info:    Checking defaults for U/cmr/m/n on input line 16.
LaTeX Font Info:    ... okay on input line 16.
LaTeX Font Info:    Checking defaults for PD1/pdf/m/n on input line 16.
LaTeX Font Info:    ... okay on input line 16.
LaTeX Font Info:    Checking defaults for PU/pdf/m/n on input line 16.
LaTeX Font Info:    ... okay on input line 16.

*geometry* driver: auto-detecting
*geometry* detected driver: pdftex
*geometry* verbose mode - [ preamble ] result:
* driver: pdftex
* paper: a4paper
* layout: <same size as paper>
* layoutoffset:(h,v)=(0.0pt,0.0pt)
* modes: 
* h-part:(L,W,R)=(28.45274pt, 540.60239pt, 28.45274pt)
* v-part:(T,H,B)=(22.76228pt, 799.52228pt, 22.76228pt)
* \paperwidth=597.50787pt
* \paperheight=845.04684pt
* \textwidth=540.60239pt
* \textheight=799.52228pt
* \oddsidemargin=-43.81725pt
* \evensidemargin=-43.81725pt
* \topmargin=-86.5077pt
* \headheight=12.0pt
* \headsep=25.0pt
* \topskip=11.0pt
* \footskip=30.0pt
* \marginparwidth=50.0pt
* \marginparsep=10.0pt
* \columnsep=10.0pt
* \skip\footins=10.0pt plus 4.0pt minus 2.0pt
* \hoffset=0.0pt
* \voffset=0.0pt
* \mag=1000
* \@twocolumnfalse
* \@twosidefalse
* \@mparswitchfalse
* \@reversemarginfalse
* (1in=72.27pt=25.4mm, 1cm=28.453pt)

(/usr/share/texmf-dist/tex/context/base/mkii/supp-pdf.mkii
[Loading MPS to PDF converter (version 2006.09.02).]
\scratchcounter=\count313
\scratchdimen=\dimen180
\scratchbox=\box55
\nofMPsegments=\count314
\nofMParguments=\count315
\everyMPshowfont=\toks26
\MPscratchCnt=\count316
\MPscratchDim=\dimen181
\MPnumerator=\count317
\makeMPintoPDFobject=\count318
\everyMPtoPDFconversion=\toks27
) (/usr/share/texmf-dist/tex/latex/epstopdf-pkg/epstopdf-base.sty
Package: epstopdf-base 2020-01-24 v2.11 Base part for package epstopdf
Package epstopdf-base Info: Redefining graphics rule for `.eps' on input line 485.
 (/usr/share/texmf-dist/tex/latex/latexconfig/epstopdf-sys.cfg
File: epstopdf-sys.cfg 2010/07/13 v1.3 Configuration of (r)epstopdf for TeX Live
))
Package caption Info: Begin \AtBeginDocument code.
Package caption Info: hyperref package is loaded.
Package caption Info: End \AtBeginDocument code.
Package hyperref Info: Link coloring OFF on input line 16.
 (./risultati_esp_8.out) (./risultati_esp_8.out)
\@outlinefile=\write3
\openout3 = `risultati_esp_8.out'.

<01_Success_Rate_energy_mapping_dl_10.png, id=4, 1723.1577pt x 636.2169pt>
File: 01_Success_Rate_energy_mapping_dl_10.png Graphic file (type png)
<use 01_Success_Rate_energy_mapping_dl_10.png>
Package pdftex.def Info: 01_Success_Rate_energy_mapping_dl_10.png  used on input line 34.
(pdftex.def)             Requested size: 597.50787pt x 220.61147pt.


Package caption Warning: \setcaptiontype
(caption)                outside box or environment on input line 35.
See the caption package documentation for explanation.


Package caption Warning: The option `hypcap=true' will be ignored for this
(caption)                particular \caption on input line 35.
See the caption package documentation for explanation.

<01_Success_Rate_energy_mapping_dl_20.png, id=6, 1723.1577pt x 636.2169pt>
File: 01_Success_Rate_energy_mapping_dl_20.png Graphic file (type png)
<use 01_Success_Rate_energy_mapping_dl_20.png>
Package pdftex.def Info: 01_Success_Rate_energy_mapping_dl_20.png  used on input line 38.
(pdftex.def)             Requested size: 597.50787pt x 220.61147pt.

Package caption Warning: The option `hypcap=true' will be ignored for this
(caption)                particular \caption on input line 39.
See the caption package documentation for explanation.

<01_Success_Rate_energy_mapping_dl_30.png, id=7, 1723.1577pt x 636.2169pt>
File: 01_Success_Rate_energy_mapping_dl_30.png Graphic file (type png)
<use 01_Success_Rate_energy_mapping_dl_30.png>
Package pdftex.def Info: 01_Success_Rate_energy_mapping_dl_30.png  used on input line 42.
(pdftex.def)             Requested size: 597.50787pt x 220.61147pt.

Package caption Warning: The option `hypcap=true' will be ignored for this
(caption)                particular \caption on input line 43.
See the caption package documentation for explanation.

[1

{/var/lib/texmf/fonts/map/pdftex/updmap/pdftex.map} <./01_Success_Rate_energy_mapping_dl_10.png> <./01_Success_Rate_energy_mapping_dl_20.png>]
<01_Success_Rate_time_mapping_dl_10.png, id=25, 1723.1577pt x 636.2169pt>
File: 01_Success_Rate_time_mapping_dl_10.png Graphic file (type png)
<use 01_Success_Rate_time_mapping_dl_10.png>
Package pdftex.def Info: 01_Success_Rate_time_mapping_dl_10.png  used on input line 53.
(pdftex.def)             Requested size: 597.50787pt x 220.61147pt.


Package caption Warning: The option `hypcap=true' will be ignored for this
(caption)                particular \caption on input line 54.
See the caption package documentation for explanation.

<01_Success_Rate_time_mapping_dl_20.png, id=26, 1723.1577pt x 636.2169pt>
File: 01_Success_Rate_time_mapping_dl_20.png Graphic file (type png)
<use 01_Success_Rate_time_mapping_dl_20.png>
Package pdftex.def Info: 01_Success_Rate_time_mapping_dl_20.png  used on input line 57.
(pdftex.def)             Requested size: 597.50787pt x 220.61147pt.

Package caption Warning: The option `hypcap=true' will be ignored for this
(caption)                particular \caption on input line 58.
See the caption package documentation for explanation.

<01_Success_Rate_time_mapping_dl_30.png, id=27, 1723.1577pt x 636.2169pt>
File: 01_Success_Rate_time_mapping_dl_30.png Graphic file (type png)
<use 01_Success_Rate_time_mapping_dl_30.png>
Package pdftex.def Info: 01_Success_Rate_time_mapping_dl_30.png  used on input line 61.
(pdftex.def)             Requested size: 597.50787pt x 220.61147pt.

Package caption Warning: The option `hypcap=true' will be ignored for this
(caption)                particular \caption on input line 62.
See the caption package documentation for explanation.

[2 <./01_Success_Rate_energy_mapping_dl_30.png> <./01_Success_Rate_time_mapping_dl_10.png> <./01_Success_Rate_time_mapping_dl_20.png>] [3 <./01_Success_Rate_time_mapping_dl_30.png>]
<02_Failure_Causes_energy_mapping_dl_10.png, id=44, 1723.1577pt x 639.3486pt>
File: 02_Failure_Causes_energy_mapping_dl_10.png Graphic file (type png)
<use 02_Failure_Causes_energy_mapping_dl_10.png>
Package pdftex.def Info: 02_Failure_Causes_energy_mapping_dl_10.png  used on input line 80.
(pdftex.def)             Requested size: 597.50787pt x 221.6974pt.


Package caption Warning: The option `hypcap=true' will be ignored for this
(caption)                particular \caption on input line 81.
See the caption package documentation for explanation.

<02_Failure_Causes_energy_mapping_dl_20.png, id=45, 1723.1577pt x 639.3486pt>
File: 02_Failure_Causes_energy_mapping_dl_20.png Graphic file (type png)
<use 02_Failure_Causes_energy_mapping_dl_20.png>
Package pdftex.def Info: 02_Failure_Causes_energy_mapping_dl_20.png  used on input line 84.
(pdftex.def)             Requested size: 597.50787pt x 221.6974pt.

Package caption Warning: The option `hypcap=true' will be ignored for this
(caption)                particular \caption on input line 85.
See the caption package documentation for explanation.

<02_Failure_Causes_energy_mapping_dl_30.png, id=46, 1723.1577pt x 639.3486pt>
File: 02_Failure_Causes_energy_mapping_dl_30.png Graphic file (type png)
<use 02_Failure_Causes_energy_mapping_dl_30.png>
Package pdftex.def Info: 02_Failure_Causes_energy_mapping_dl_30.png  used on input line 88.
(pdftex.def)             Requested size: 597.50787pt x 221.6974pt.

Package caption Warning: The option `hypcap=true' will be ignored for this
(caption)                particular \caption on input line 89.
See the caption package documentation for explanation.

<02_Failure_Causes_time_mapping_dl_10.png, id=47, 1723.1577pt x 639.3486pt>
File: 02_Failure_Causes_time_mapping_dl_10.png Graphic file (type png)
<use 02_Failure_Causes_time_mapping_dl_10.png>
Package pdftex.def Info: 02_Failure_Causes_time_mapping_dl_10.png  used on input line 99.
(pdftex.def)             Requested size: 597.50787pt x 221.6974pt.

Package caption Warning: The option `hypcap=true' will be ignored for this
(caption)                particular \caption on input line 100.
See the caption package documentation for explanation.

[4

 <./02_Failure_Causes_energy_mapping_dl_10.png> <./02_Failure_Causes_energy_mapping_dl_20.png> <./02_Failure_Causes_energy_mapping_dl_30.png>]
<02_Failure_Causes_time_mapping_dl_20.png, id=58, 1723.1577pt x 639.3486pt>
File: 02_Failure_Causes_time_mapping_dl_20.png Graphic file (type png)
<use 02_Failure_Causes_time_mapping_dl_20.png>
Package pdftex.def Info: 02_Failure_Causes_time_mapping_dl_20.png  used on input line 103.
(pdftex.def)             Requested size: 597.50787pt x 221.6974pt.


Package caption Warning: The option `hypcap=true' will be ignored for this
(caption)                particular \caption on input line 104.
See the caption package documentation for explanation.

<02_Failure_Causes_time_mapping_dl_30.png, id=59, 1723.1577pt x 639.3486pt>
File: 02_Failure_Causes_time_mapping_dl_30.png Graphic file (type png)
<use 02_Failure_Causes_time_mapping_dl_30.png>
Package pdftex.def Info: 02_Failure_Causes_time_mapping_dl_30.png  used on input line 107.
(pdftex.def)             Requested size: 597.50787pt x 221.6974pt.

Package caption Warning: The option `hypcap=true' will be ignored for this
(caption)                particular \caption on input line 108.
See the caption package documentation for explanation.

[5 <./02_Failure_Causes_time_mapping_dl_10.png> <./02_Failure_Causes_time_mapping_dl_20.png> <./02_Failure_Causes_time_mapping_dl_30.png>]
<03_Response_Time_energy_mapping_dl_10.png, id=70, 1742.4297pt x 636.2169pt>
File: 03_Response_Time_energy_mapping_dl_10.png Graphic file (type png)
<use 03_Response_Time_energy_mapping_dl_10.png>
Package pdftex.def Info: 03_Response_Time_energy_mapping_dl_10.png  used on input line 126.
(pdftex.def)             Requested size: 597.50787pt x 218.17479pt.


Package caption Warning: The option `hypcap=true' will be ignored for this
(caption)                particular \caption on input line 127.
See the caption package documentation for explanation.

<03_Response_Time_energy_mapping_dl_20.png, id=71, 1742.4297pt x 636.2169pt>
File: 03_Response_Time_energy_mapping_dl_20.png Graphic file (type png)
<use 03_Response_Time_energy_mapping_dl_20.png>
Package pdftex.def Info: 03_Response_Time_energy_mapping_dl_20.png  used on input line 130.
(pdftex.def)             Requested size: 597.50787pt x 218.17479pt.

Package caption Warning: The option `hypcap=true' will be ignored for this
(caption)                particular \caption on input line 131.
See the caption package documentation for explanation.

<03_Response_Time_energy_mapping_dl_30.png, id=72, 1742.4297pt x 636.2169pt>
File: 03_Response_Time_energy_mapping_dl_30.png Graphic file (type png)
<use 03_Response_Time_energy_mapping_dl_30.png>
Package pdftex.def Info: 03_Response_Time_energy_mapping_dl_30.png  used on input line 134.
(pdftex.def)             Requested size: 597.50787pt x 218.17479pt.

Package caption Warning: The option `hypcap=true' will be ignored for this
(caption)                particular \caption on input line 135.
See the caption package documentation for explanation.

<03_Response_Time_time_mapping_dl_10.png, id=73, 1742.4297pt x 636.2169pt>
File: 03_Response_Time_time_mapping_dl_10.png Graphic file (type png)
<use 03_Response_Time_time_mapping_dl_10.png>
Package pdftex.def Info: 03_Response_Time_time_mapping_dl_10.png  used on input line 145.
(pdftex.def)             Requested size: 597.50787pt x 218.17479pt.

Package caption Warning: The option `hypcap=true' will be ignored for this
(caption)                particular \caption on input line 146.
See the caption package documentation for explanation.

[6

 <./03_Response_Time_energy_mapping_dl_10.png> <./03_Response_Time_energy_mapping_dl_20.png> <./03_Response_Time_energy_mapping_dl_30.png>]
<03_Response_Time_time_mapping_dl_20.png, id=84, 1742.4297pt x 636.2169pt>
File: 03_Response_Time_time_mapping_dl_20.png Graphic file (type png)
<use 03_Response_Time_time_mapping_dl_20.png>
Package pdftex.def Info: 03_Response_Time_time_mapping_dl_20.png  used on input line 149.
(pdftex.def)             Requested size: 597.50787pt x 218.17479pt.


Package caption Warning: The option `hypcap=true' will be ignored for this
(caption)                particular \caption on input line 150.
See the caption package documentation for explanation.

<03_Response_Time_time_mapping_dl_30.png, id=85, 1742.4297pt x 636.2169pt>
File: 03_Response_Time_time_mapping_dl_30.png Graphic file (type png)
<use 03_Response_Time_time_mapping_dl_30.png>
Package pdftex.def Info: 03_Response_Time_time_mapping_dl_30.png  used on input line 153.
(pdftex.def)             Requested size: 597.50787pt x 218.17479pt.

Package caption Warning: The option `hypcap=true' will be ignored for this
(caption)                particular \caption on input line 154.
See the caption package documentation for explanation.

[7 <./03_Response_Time_time_mapping_dl_10.png> <./03_Response_Time_time_mapping_dl_20.png> <./03_Response_Time_time_mapping_dl_30.png>] (./risultati_esp_8.aux)
 ***********
LaTeX2e <2025-11-01>
L3 programming layer <2026-01-19>
 ***********
Package rerunfilecheck Info: File `risultati_esp_8.out' has not changed.
(rerunfilecheck)             Checksum: D41D8CD98F00B204E9800998ECF8427E;0.
 ) 
Here is how much of TeX's memory you used:
 11081 strings out of 469515
 177486 string characters out of 5470807
 587938 words of memory out of 5000000
 39611 multiletter control sequences out of 15000+600000
 635737 words of font info for 68 fonts, out of 8000000 for 9000
 14 hyphenation exceptions out of 8191
 75i,6n,79p,909b,542s stack positions out of 10000i,1000n,20000p,200000b,200000s
</usr/share/texmf-dist/fonts/type1/public/amsfonts/cm/cmbx10.pfb></usr/share/texmf-dist/fonts/type1/public/amsfonts/cm/cmbx12.pfb></usr/share/texmf-dist/fonts/type1/public/amsfonts/cm/cmmi10.pfb></usr/share/texmf-dist/fonts/type1/public/amsfonts/cm/cmmi12.pfb></usr/share/texmf-dist/fonts/type1/public/amsfonts/cm/cmr10.pfb></usr/share/texmf-dist/fonts/type1/public/amsfonts/cm/cmr12.pfb></usr/share/texmf-dist/fonts/type1/public/amsfonts/cm/cmsy10.pfb></usr/share/texmf-dist/fonts/type1/public/amsfonts/cm/cmti10.pfb>
Output written on risultati_esp_8.pdf (7 pages, 11275871 bytes).
PDF statistics:
 139 PDF objects out of 1000 (max. 8388607)
 77 compressed objects within 1 object stream
 26 named destinations out of 1000 (max. 500000)
 91 words of extra memory for PDF output out of 10000 (max. 10000000)

