This is pdfTeX, Version 3.141592653-2.6-1.40.29 (TeX Live 2026) (preloaded format=pdflatex 2026.3.25)  25 MAR 2026 18:23
entering extended mode
 restricted \write18 enabled.
 file:line:error style messages enabled.
 %&-line parsing enabled.
**/home/claudio/Tesi/SECMotionModel/results_esp_3/Relazione_Esp_3_Bagini_2045337.tex
(/home/claudio/Tesi/SECMotionModel/results_esp_3/Relazione_Esp_3_Bagini_2045337.tex
LaTeX2e <2025-11-01>
L3 programming layer <2026-01-19>
(/opt/texlive/2026/texmf-dist/tex/latex/base/article.cls
Document Class: article 2025/01/22 v1.4n Standard LaTeX document class
(/opt/texlive/2026/texmf-dist/tex/latex/base/size12.clo
File: size12.clo 2025/01/22 v1.4n Standard LaTeX file (size option)
)
\c@part=\count275
\c@section=\count276
\c@subsection=\count277
\c@subsubsection=\count278
\c@paragraph=\count279
\c@subparagraph=\count280
\c@figure=\count281
\c@table=\count282
\abovecaptionskip=\skip49
\belowcaptionskip=\skip50
\bibindent=\dimen148
) (/opt/texlive/2026/texmf-dist/tex/latex/graphics/graphicx.sty
Package: graphicx 2024/12/31 v1.2e Enhanced LaTeX Graphics (DPC,SPQR)
 (/opt/texlive/2026/texmf-dist/tex/latex/graphics/keyval.sty
Package: keyval 2022/05/29 v1.15 key=value parser (DPC)
\KV@toks@=\toks17
) (/opt/texlive/2026/texmf-dist/tex/latex/graphics/graphics.sty
Package: graphics 2024/08/06 v1.4g Standard LaTeX Graphics (DPC,SPQR)
 (/opt/texlive/2026/texmf-dist/tex/latex/graphics/trig.sty
Package: trig 2023/12/02 v1.11 sin cos tan (DPC)
) (/opt/texlive/2026/texmf-dist/tex/latex/graphics-cfg/graphics.cfg
File: graphics.cfg 2016/06/04 v1.11 sample graphics configuration
)
Package graphics Info: Driver file: pdftex.def on input line 106.
 (/opt/texlive/2026/texmf-dist/tex/latex/graphics-def/pdftex.def
File: pdftex.def 2025/09/29 v1.2d Graphics/color driver for pdftex
))
\Gin@req@height=\dimen149
\Gin@req@width=\dimen150
) (/opt/texlive/2026/texmf-dist/tex/latex/base/fontenc.sty
Package: fontenc 2025/07/18 v2.1d Standard LaTeX package
) (/opt/texlive/2026/texmf-dist/tex/latex/amsmath/amsmath.sty
Package: amsmath 2025/07/09 v2.17z AMS math features
\@mathmargin=\skip51

For additional information on amsmath, use the `?' option.
(/opt/texlive/2026/texmf-dist/tex/latex/amsmath/amstext.sty
Package: amstext 2024/11/17 v2.01 AMS text
 (/opt/texlive/2026/texmf-dist/tex/latex/amsmath/amsgen.sty
File: amsgen.sty 1999/11/30 v2.0 generic functions
\@emptytoks=\toks18
\ex@=\dimen151
)) (/opt/texlive/2026/texmf-dist/tex/latex/amsmath/amsbsy.sty
Package: amsbsy 1999/11/29 v1.2d Bold Symbols
\pmbraise@=\dimen152
) (/opt/texlive/2026/texmf-dist/tex/latex/amsmath/amsopn.sty
Package: amsopn 2022/04/08 v2.04 operator names
)
\inf@bad=\count283
LaTeX Info: Redefining \frac on input line 233.
\uproot@=\count284
\leftroot@=\count285
LaTeX Info: Redefining \overline on input line 398.
LaTeX Info: Redefining \colon on input line 409.
\classnum@=\count286
\DOTSCASE@=\count287
LaTeX Info: Redefining \ldots on input line 495.
LaTeX Info: Redefining \dots on input line 498.
LaTeX Info: Redefining \cdots on input line 619.
\Mathstrutbox@=\box53
\strutbox@=\box54
LaTeX Info: Redefining \big on input line 721.
LaTeX Info: Redefining \Big on input line 722.
LaTeX Info: Redefining \bigg on input line 723.
LaTeX Info: Redefining \Bigg on input line 724.
\big@size=\dimen153
LaTeX Font Info:    Redeclaring font encoding OML on input line 742.
LaTeX Font Info:    Redeclaring font encoding OMS on input line 743.
\macc@depth=\count288
LaTeX Info: Redefining \bmod on input line 904.
LaTeX Info: Redefining \pmod on input line 909.
LaTeX Info: Redefining \smash on input line 939.
LaTeX Info: Redefining \relbar on input line 969.
LaTeX Info: Redefining \Relbar on input line 970.
\c@MaxMatrixCols=\count289
\dotsspace@=\muskip17
\c@parentequation=\count290
\dspbrk@lvl=\count291
\tag@help=\toks19
\row@=\count292
\column@=\count293
\maxfields@=\count294
\andhelp@=\toks20
\eqnshift@=\dimen154
\alignsep@=\dimen155
\tagshift@=\dimen156
\tagwidth@=\dimen157
\totwidth@=\dimen158
\lineht@=\dimen159
\@envbody=\toks21
\multlinegap=\skip52
\multlinetaggap=\skip53
\mathdisplay@stack=\toks22
LaTeX Info: Redefining \[ on input line 2950.
LaTeX Info: Redefining \] on input line 2951.
) (/opt/texlive/2026/texmf-dist/tex/latex/base/textcomp.sty
Package: textcomp 2024/04/24 v2.1b Standard LaTeX package
) (/opt/texlive/2026/texmf-dist/tex/latex/hyperref/hyperref.sty
Package: hyperref 2026-01-29 v7.01p Hypertext links for LaTeX
 (/opt/texlive/2026/texmf-dist/tex/generic/iftex/iftex.sty
Package: iftex 2024/12/12 v1.0g TeX engine tests
) (/opt/texlive/2026/texmf-dist/tex/latex/kvsetkeys/kvsetkeys.sty
Package: kvsetkeys 2022-10-05 v1.19 Key value parser (HO)
) (/opt/texlive/2026/texmf-dist/tex/generic/kvdefinekeys/kvdefinekeys.sty
Package: kvdefinekeys 2019-12-19 v1.6 Define keys (HO)
) (/opt/texlive/2026/texmf-dist/tex/generic/pdfescape/pdfescape.sty
Package: pdfescape 2019/12/09 v1.15 Implements pdfTeX's escape features (HO)
 (/opt/texlive/2026/texmf-dist/tex/generic/ltxcmds/ltxcmds.sty
Package: ltxcmds 2023-12-04 v1.26 LaTeX kernel commands for general use (HO)
) (/opt/texlive/2026/texmf-dist/tex/generic/pdftexcmds/pdftexcmds.sty
Package: pdftexcmds 2020-06-27 v0.33 Utility functions of pdfTeX for LuaTeX (HO)
 (/opt/texlive/2026/texmf-dist/tex/generic/infwarerr/infwarerr.sty
Package: infwarerr 2019/12/03 v1.5 Providing info/warning/error messages (HO)
)
Package pdftexcmds Info: \pdf@primitive is available.
Package pdftexcmds Info: \pdf@ifprimitive is available.
Package pdftexcmds Info: \pdfdraftmode found.
)) (/opt/texlive/2026/texmf-dist/tex/latex/hycolor/hycolor.sty
Package: hycolor 2020-01-27 v1.10 Color options for hyperref/bookmark (HO)
) (/opt/texlive/2026/texmf-dist/tex/latex/hyperref/nameref.sty
Package: nameref 2026-01-29 v2.58 Cross-referencing by name of section
 (/opt/texlive/2026/texmf-dist/tex/latex/refcount/refcount.sty
Package: refcount 2019/12/15 v3.6 Data extraction from label references (HO)
) (/opt/texlive/2026/texmf-dist/tex/generic/gettitlestring/gettitlestring.sty
Package: gettitlestring 2019/12/15 v1.6 Cleanup title references (HO)
 (/opt/texlive/2026/texmf-dist/tex/latex/kvoptions/kvoptions.sty
Package: kvoptions 2022-06-15 v3.15 Key value format for package options (HO)
))
\c@section@level=\count295
) (/opt/texlive/2026/texmf-dist/tex/latex/etoolbox/etoolbox.sty
Package: etoolbox 2025/10/02 v2.5m e-TeX tools for LaTeX (JAW)
\etb@tempcnta=\count296
) (/opt/texlive/2026/texmf-dist/tex/generic/stringenc/stringenc.sty
Package: stringenc 2019/11/29 v1.12 Convert strings between diff. encodings (HO)
)
\@linkdim=\dimen160
\Hy@linkcounter=\count297
\Hy@pagecounter=\count298
 (/opt/texlive/2026/texmf-dist/tex/latex/hyperref/pd1enc.def
File: pd1enc.def 2026-01-29 v7.01p Hyperref: PDFDocEncoding definition (HO)
Now handling font encoding PD1 ...
... no UTF-8 mapping file for font encoding PD1
) (/opt/texlive/2026/texmf-dist/tex/generic/intcalc/intcalc.sty
Package: intcalc 2019/12/15 v1.3 Expandable calculations with integers (HO)
)
\Hy@SavedSpaceFactor=\count299
 (/opt/texlive/2026/texmf-dist/tex/latex/hyperref/puenc.def
File: puenc.def 2026-01-29 v7.01p Hyperref: PDF Unicode definition (HO)
Now handling font encoding PU ...
... no UTF-8 mapping file for font encoding PU
)
Package hyperref Info: Hyper figures OFF on input line 4201.
Package hyperref Info: Link nesting OFF on input line 4206.
Package hyperref Info: Hyper index ON on input line 4209.
Package hyperref Info: Plain pages OFF on input line 4216.
Package hyperref Info: Backreferencing OFF on input line 4221.
Package hyperref Info: Implicit mode ON; LaTeX internals redefined.
Package hyperref Info: Bookmarks ON on input line 4468.
\c@Hy@tempcnt=\count300
 (/opt/texlive/2026/texmf-dist/tex/latex/url/url.sty
\Urlmuskip=\muskip18
Package: url 2013/09/16  ver 3.4  Verb mode for urls, etc.
)
LaTeX Info: Redefining \url on input line 4807.
\XeTeXLinkMargin=\dimen161
 (/opt/texlive/2026/texmf-dist/tex/generic/bitset/bitset.sty
Package: bitset 2019/12/09 v1.3 Handle bit-vector datatype (HO)
 (/opt/texlive/2026/texmf-dist/tex/generic/bigintcalc/bigintcalc.sty
Package: bigintcalc 2019/12/15 v1.5 Expandable calculations on big integers (HO)
))
\Fld@menulength=\count301
\Field@Width=\dimen162
\Fld@charsize=\dimen163
Package hyperref Info: Hyper figures OFF on input line 6084.
Package hyperref Info: Link nesting OFF on input line 6089.
Package hyperref Info: Hyper index ON on input line 6092.
Package hyperref Info: backreferencing OFF on input line 6099.
Package hyperref Info: Link coloring OFF on input line 6104.
Package hyperref Info: Link coloring with OCG OFF on input line 6109.
Package hyperref Info: PDF/A mode OFF on input line 6114.
\Hy@abspage=\count302
\c@Item=\count303
\c@Hfootnote=\count304
)
Package hyperref Info: Driver (autodetected): hpdftex.
 (/opt/texlive/2026/texmf-dist/tex/latex/hyperref/hpdftex.def
File: hpdftex.def 2026-01-29 v7.01p Hyperref driver for pdfTeX
\Fld@listcount=\count305
\c@bookmark@seq@number=\count306
 (/opt/texlive/2026/texmf-dist/tex/latex/rerunfilecheck/rerunfilecheck.sty
Package: rerunfilecheck 2025-06-21 v1.11 Rerun checks for auxiliary files (HO)
 (/opt/texlive/2026/texmf-dist/tex/generic/uniquecounter/uniquecounter.sty
Package: uniquecounter 2019/12/15 v1.4 Provide unlimited unique counter (HO)
)
Package uniquecounter Info: New unique counter `rerunfilecheck' on input line 284.
)
\Hy@SectionHShift=\skip54
) (/opt/texlive/2026/texmf-dist/tex/latex/tools/varioref.sty
Package: varioref 2025/01/14 v1.6g package for extended references (FMi)
\c@vrcnt=\count307
) (/opt/texlive/2026/texmf-dist/tex/latex/caption/caption.sty
Package: caption 2023/08/05 v3.6o Customizing captions (AR)
 (/opt/texlive/2026/texmf-dist/tex/latex/caption/caption3.sty
Package: caption3 2023/07/31 v2.4d caption3 kernel (AR)
\caption@tempdima=\dimen164
\captionmargin=\dimen165
\caption@leftmargin=\dimen166
\caption@rightmargin=\dimen167
\caption@width=\dimen168
\caption@indent=\dimen169
\caption@parindent=\dimen170
\caption@hangindent=\dimen171
Package caption Info: Standard document class detected.
)
\c@caption@flags=\count308
\c@continuedfloat=\count309
Package caption Info: hyperref package is loaded.
) (/opt/texlive/2026/texmf-dist/tex/latex/caption/subcaption.sty
Package: subcaption 2023/07/28 v1.6b Sub-captions (AR)
Package caption Info: New subtype `subfigure' on input line 238.
\c@subfigure=\count310
Package caption Info: New subtype `subtable' on input line 238.
\c@subtable=\count311
) (/opt/texlive/2026/texmf-dist/tex/latex/preprint/authblk.sty
Package: authblk 2001/02/27 1.3 (PWD)
\affilsep=\skip55
\@affilsep=\skip56
\c@Maxaffil=\count312
\c@authors=\count313
\c@affil=\count314
) (/opt/texlive/2026/texmf-dist/tex/latex/booktabs/booktabs.sty
Package: booktabs 2020/01/12 v1.61803398 Publication quality tables
\heavyrulewidth=\dimen172
\lightrulewidth=\dimen173
\cmidrulewidth=\dimen174
\belowrulesep=\dimen175
\belowbottomsep=\dimen176
\aboverulesep=\dimen177
\abovetopsep=\dimen178
\cmidrulesep=\dimen179
\cmidrulekern=\dimen180
\defaultaddspace=\dimen181
\@cmidla=\count315
\@cmidlb=\count316
\@aboverulesep=\dimen182
\@belowrulesep=\dimen183
\@thisruleclass=\count317
\@lastruleclass=\count318
\@thisrulewidth=\dimen184
) (/opt/texlive/2026/texmf-dist/tex/latex/float/float.sty
Package: float 2001/11/08 v1.3d Float enhancements (AL)
\c@float@type=\count319
\float@exts=\toks23
\float@box=\box55
\@float@everytoks=\toks24
\@floatcapt=\box56
) (/opt/texlive/2026/texmf-dist/tex/latex/multirow/multirow.sty
Package: multirow 2024/11/12 v2.9 Span multiple rows of a table
\multirow@colwidth=\skip57
\multirow@cntb=\count320
\multirow@dima=\skip58
\bigstrutjot=\dimen185
) (/opt/texlive/2026/texmf-dist/tex/latex/pgf/frontendlayer/tikz.sty (/opt/texlive/2026/texmf-dist/tex/latex/pgf/basiclayer/pgf.sty (/opt/texlive/2026/texmf-dist/tex/latex/pgf/utilities/pgfrcs.sty (/opt/texlive/2026/texmf-dist/tex/generic/pgf/utilities/pgfutil-common.tex
\pgfutil@everybye=\toks25
\pgfutil@tempdima=\dimen186
\pgfutil@tempdimb=\dimen187
) (/opt/texlive/2026/texmf-dist/tex/generic/pgf/utilities/pgfutil-latex.def
\pgfutil@abb=\box57
) (/opt/texlive/2026/texmf-dist/tex/generic/pgf/utilities/pgfrcs.code.tex (/opt/texlive/2026/texmf-dist/tex/generic/pgf/pgf.revision.tex)
Package: pgfrcs 2025-08-29 v3.1.11a (3.1.11a)
))
Package: pgf 2025-08-29 v3.1.11a (3.1.11a)
 (/opt/texlive/2026/texmf-dist/tex/latex/pgf/basiclayer/pgfcore.sty (/opt/texlive/2026/texmf-dist/tex/latex/pgf/systemlayer/pgfsys.sty (/opt/texlive/2026/texmf-dist/tex/generic/pgf/systemlayer/pgfsys.code.tex
Package: pgfsys 2025-08-29 v3.1.11a (3.1.11a)
 (/opt/texlive/2026/texmf-dist/tex/generic/pgf/utilities/pgfkeys.code.tex
\pgfkeys@pathtoks=\toks26
\pgfkeys@temptoks=\toks27
 (/opt/texlive/2026/texmf-dist/tex/generic/pgf/utilities/pgfkeyslibraryfiltered.code.tex
\pgfkeys@tmptoks=\toks28
))
\pgf@x=\dimen188
\pgf@y=\dimen189
\pgf@xa=\dimen190
\pgf@ya=\dimen191
\pgf@xb=\dimen192
\pgf@yb=\dimen193
\pgf@xc=\dimen194
\pgf@yc=\dimen195
\pgf@xd=\dimen196
\pgf@yd=\dimen197
\w@pgf@writea=\write3
\r@pgf@reada=\read2
\c@pgf@counta=\count321
\c@pgf@countb=\count322
\c@pgf@countc=\count323
\c@pgf@countd=\count324
\t@pgf@toka=\toks29
\t@pgf@tokb=\toks30
\t@pgf@tokc=\toks31
\pgf@sys@id@count=\count325
 (/opt/texlive/2026/texmf-dist/tex/generic/pgf/systemlayer/pgf.cfg
File: pgf.cfg 2025-08-29 v3.1.11a (3.1.11a)
)
Driver file for pgf: pgfsys-pdftex.def
 (/opt/texlive/2026/texmf-dist/tex/generic/pgf/systemlayer/pgfsys-pdftex.def
File: pgfsys-pdftex.def 2025-08-29 v3.1.11a (3.1.11a)
 (/opt/texlive/2026/texmf-dist/tex/generic/pgf/systemlayer/pgfsys-common-pdf.def
File: pgfsys-common-pdf.def 2025-08-29 v3.1.11a (3.1.11a)
))) (/opt/texlive/2026/texmf-dist/tex/generic/pgf/systemlayer/pgfsyssoftpath.code.tex
File: pgfsyssoftpath.code.tex 2025-08-29 v3.1.11a (3.1.11a)
\pgfsyssoftpath@smallbuffer@items=\count326
\pgfsyssoftpath@bigbuffer@items=\count327
) (/opt/texlive/2026/texmf-dist/tex/generic/pgf/systemlayer/pgfsysprotocol.code.tex
File: pgfsysprotocol.code.tex 2025-08-29 v3.1.11a (3.1.11a)
)) (/opt/texlive/2026/texmf-dist/tex/latex/xcolor/xcolor.sty
Package: xcolor 2024/09/29 v3.02 LaTeX color extensions (UK)
 (/opt/texlive/2026/texmf-dist/tex/latex/graphics-cfg/color.cfg
File: color.cfg 2016/01/02 v1.6 sample color configuration
)
Package xcolor Info: Driver file: pdftex.def on input line 274.
 (/opt/texlive/2026/texmf-dist/tex/latex/graphics/mathcolor.ltx)
Package xcolor Info: Model `cmy' substituted by `cmy0' on input line 1349.
Package xcolor Info: Model `hsb' substituted by `rgb' on input line 1353.
Package xcolor Info: Model `RGB' extended on input line 1365.
Package xcolor Info: Model `HTML' substituted by `rgb' on input line 1367.
Package xcolor Info: Model `Hsb' substituted by `hsb' on input line 1368.
Package xcolor Info: Model `tHsb' substituted by `hsb' on input line 1369.
Package xcolor Info: Model `HSB' substituted by `hsb' on input line 1370.
Package xcolor Info: Model `Gray' substituted by `gray' on input line 1371.
Package xcolor Info: Model `wave' substituted by `hsb' on input line 1372.
) (/opt/texlive/2026/texmf-dist/tex/generic/pgf/basiclayer/pgfcore.code.tex
Package: pgfcore 2025-08-29 v3.1.11a (3.1.11a)
 (/opt/texlive/2026/texmf-dist/tex/generic/pgf/math/pgfmath.code.tex (/opt/texlive/2026/texmf-dist/tex/generic/pgf/math/pgfmathutil.code.tex) (/opt/texlive/2026/texmf-dist/tex/generic/pgf/math/pgfmathparser.code.tex
\pgfmath@dimen=\dimen198
\pgfmath@count=\count328
\pgfmath@box=\box58
\pgfmath@toks=\toks32
\pgfmath@stack@operand=\toks33
\pgfmath@stack@operation=\toks34
) (/opt/texlive/2026/texmf-dist/tex/generic/pgf/math/pgfmathfunctions.code.tex) (/opt/texlive/2026/texmf-dist/tex/generic/pgf/math/pgfmathfunctions.basic.code.tex) (/opt/texlive/2026/texmf-dist/tex/generic/pgf/math/pgfmathfunctions.trigonometric.code.tex) (/opt/texlive/2026/texmf-dist/tex/generic/pgf/math/pgfmathfunctions.random.code.tex) (/opt/texlive/2026/texmf-dist/tex/generic/pgf/math/pgfmathfunctions.comparison.code.tex) (/opt/texlive/2026/texmf-dist/tex/generic/pgf/math/pgfmathfunctions.base.code.tex) (/opt/texlive/2026/texmf-dist/tex/generic/pgf/math/pgfmathfunctions.round.code.tex) (/opt/texlive/2026/texmf-dist/tex/generic/pgf/math/pgfmathfunctions.misc.code.tex) (/opt/texlive/2026/texmf-dist/tex/generic/pgf/math/pgfmathfunctions.integerarithmetics.code.tex) (/opt/texlive/2026/texmf-dist/tex/generic/pgf/math/pgfmathcalc.code.tex) (/opt/texlive/2026/texmf-dist/tex/generic/pgf/math/pgfmathfloat.code.tex
\c@pgfmathroundto@lastzeros=\count329
)) (/opt/texlive/2026/texmf-dist/tex/generic/pgf/math/pgfint.code.tex) (/opt/texlive/2026/texmf-dist/tex/generic/pgf/basiclayer/pgfcorepoints.code.tex
File: pgfcorepoints.code.tex 2025-08-29 v3.1.11a (3.1.11a)
\pgf@picminx=\dimen199
\pgf@picmaxx=\dimen256
\pgf@picminy=\dimen257
\pgf@picmaxy=\dimen258
\pgf@pathminx=\dimen259
\pgf@pathmaxx=\dimen260
\pgf@pathminy=\dimen261
\pgf@pathmaxy=\dimen262
\pgf@xx=\dimen263
\pgf@xy=\dimen264
\pgf@yx=\dimen265
\pgf@yy=\dimen266
\pgf@zx=\dimen267
\pgf@zy=\dimen268
) (/opt/texlive/2026/texmf-dist/tex/generic/pgf/basiclayer/pgfcorepathconstruct.code.tex
File: pgfcorepathconstruct.code.tex 2025-08-29 v3.1.11a (3.1.11a)
\pgf@path@lastx=\dimen269
\pgf@path@lasty=\dimen270
) (/opt/texlive/2026/texmf-dist/tex/generic/pgf/basiclayer/pgfcorepathusage.code.tex
File: pgfcorepathusage.code.tex 2025-08-29 v3.1.11a (3.1.11a)
\pgf@shorten@end@additional=\dimen271
\pgf@shorten@start@additional=\dimen272
) (/opt/texlive/2026/texmf-dist/tex/generic/pgf/basiclayer/pgfcorescopes.code.tex
File: pgfcorescopes.code.tex 2025-08-29 v3.1.11a (3.1.11a)
\pgfpic=\box59
\pgf@hbox=\box60
\pgf@layerbox@main=\box61
\pgf@picture@serial@count=\count330
) (/opt/texlive/2026/texmf-dist/tex/generic/pgf/basiclayer/pgfcoregraphicstate.code.tex
File: pgfcoregraphicstate.code.tex 2025-08-29 v3.1.11a (3.1.11a)
\pgflinewidth=\dimen273
) (/opt/texlive/2026/texmf-dist/tex/generic/pgf/basiclayer/pgfcoretransformations.code.tex
File: pgfcoretransformations.code.tex 2025-08-29 v3.1.11a (3.1.11a)
\pgf@pt@x=\dimen274
\pgf@pt@y=\dimen275
\pgf@pt@temp=\dimen276
) (/opt/texlive/2026/texmf-dist/tex/generic/pgf/basiclayer/pgfcorequick.code.tex
File: pgfcorequick.code.tex 2025-08-29 v3.1.11a (3.1.11a)
) (/opt/texlive/2026/texmf-dist/tex/generic/pgf/basiclayer/pgfcoreobjects.code.tex
File: pgfcoreobjects.code.tex 2025-08-29 v3.1.11a (3.1.11a)
) (/opt/texlive/2026/texmf-dist/tex/generic/pgf/basiclayer/pgfcorepathprocessing.code.tex
File: pgfcorepathprocessing.code.tex 2025-08-29 v3.1.11a (3.1.11a)
) (/opt/texlive/2026/texmf-dist/tex/generic/pgf/basiclayer/pgfcorearrows.code.tex
File: pgfcorearrows.code.tex 2025-08-29 v3.1.11a (3.1.11a)
\pgfarrowsep=\dimen277
) (/opt/texlive/2026/texmf-dist/tex/generic/pgf/basiclayer/pgfcoreshade.code.tex
File: pgfcoreshade.code.tex 2025-08-29 v3.1.11a (3.1.11a)
\pgf@max=\dimen278
\pgf@sys@shading@range@num=\count331
\pgf@shadingcount=\count332
) (/opt/texlive/2026/texmf-dist/tex/generic/pgf/basiclayer/pgfcoreimage.code.tex
File: pgfcoreimage.code.tex 2025-08-29 v3.1.11a (3.1.11a)
) (/opt/texlive/2026/texmf-dist/tex/generic/pgf/basiclayer/pgfcoreexternal.code.tex
File: pgfcoreexternal.code.tex 2025-08-29 v3.1.11a (3.1.11a)
\pgfexternal@startupbox=\box62
) (/opt/texlive/2026/texmf-dist/tex/generic/pgf/basiclayer/pgfcorelayers.code.tex
File: pgfcorelayers.code.tex 2025-08-29 v3.1.11a (3.1.11a)
) (/opt/texlive/2026/texmf-dist/tex/generic/pgf/basiclayer/pgfcoretransparency.code.tex
File: pgfcoretransparency.code.tex 2025-08-29 v3.1.11a (3.1.11a)
) (/opt/texlive/2026/texmf-dist/tex/generic/pgf/basiclayer/pgfcorepatterns.code.tex
File: pgfcorepatterns.code.tex 2025-08-29 v3.1.11a (3.1.11a)
) (/opt/texlive/2026/texmf-dist/tex/generic/pgf/basiclayer/pgfcorerdf.code.tex
File: pgfcorerdf.code.tex 2025-08-29 v3.1.11a (3.1.11a)
))) (/opt/texlive/2026/texmf-dist/tex/generic/pgf/modules/pgfmoduleshapes.code.tex
File: pgfmoduleshapes.code.tex 2025-08-29 v3.1.11a (3.1.11a)
\pgfnodeparttextbox=\box63
) (/opt/texlive/2026/texmf-dist/tex/generic/pgf/modules/pgfmoduleplot.code.tex
File: pgfmoduleplot.code.tex 2025-08-29 v3.1.11a (3.1.11a)
) (/opt/texlive/2026/texmf-dist/tex/latex/pgf/compatibility/pgfcomp-version-0-65.sty
Package: pgfcomp-version-0-65 2025-08-29 v3.1.11a (3.1.11a)
\pgf@nodesepstart=\dimen279
\pgf@nodesepend=\dimen280
) (/opt/texlive/2026/texmf-dist/tex/latex/pgf/compatibility/pgfcomp-version-1-18.sty
Package: pgfcomp-version-1-18 2025-08-29 v3.1.11a (3.1.11a)
)) (/opt/texlive/2026/texmf-dist/tex/latex/pgf/utilities/pgffor.sty (/opt/texlive/2026/texmf-dist/tex/latex/pgf/utilities/pgfkeys.sty (/opt/texlive/2026/texmf-dist/tex/generic/pgf/utilities/pgfkeys.code.tex)) (/opt/texlive/2026/texmf-dist/tex/latex/pgf/math/pgfmath.sty (/opt/texlive/2026/texmf-dist/tex/generic/pgf/math/pgfmath.code.tex)) (/opt/texlive/2026/texmf-dist/tex/generic/pgf/utilities/pgffor.code.tex
Package: pgffor 2025-08-29 v3.1.11a (3.1.11a)
\pgffor@iter=\dimen281
\pgffor@skip=\dimen282
\pgffor@stack=\toks35
\pgffor@toks=\toks36
)) (/opt/texlive/2026/texmf-dist/tex/generic/pgf/frontendlayer/tikz/tikz.code.tex
Package: tikz 2025-08-29 v3.1.11a (3.1.11a)
 (/opt/texlive/2026/texmf-dist/tex/generic/pgf/libraries/pgflibraryplothandlers.code.tex
File: pgflibraryplothandlers.code.tex 2025-08-29 v3.1.11a (3.1.11a)
\pgf@plot@mark@count=\count333
\pgfplotmarksize=\dimen283
)
\tikz@lastx=\dimen284
\tikz@lasty=\dimen285
\tikz@lastxsaved=\dimen286
\tikz@lastysaved=\dimen287
\tikz@lastmovetox=\dimen288
\tikz@lastmovetoy=\dimen289
\tikzleveldistance=\dimen290
\tikzsiblingdistance=\dimen291
\tikz@figbox=\box64
\tikz@figbox@bg=\box65
\tikz@tempbox=\box66
\tikz@tempbox@bg=\box67
\tikztreelevel=\count334
\tikznumberofchildren=\count335
\tikznumberofcurrentchild=\count336
\tikz@fig@count=\count337
 (/opt/texlive/2026/texmf-dist/tex/generic/pgf/modules/pgfmodulematrix.code.tex
File: pgfmodulematrix.code.tex 2025-08-29 v3.1.11a (3.1.11a)
\pgfmatrixcurrentrow=\count338
\pgfmatrixcurrentcolumn=\count339
\pgf@matrix@numberofcolumns=\count340
)
\tikz@expandcount=\count341
 (/opt/texlive/2026/texmf-dist/tex/generic/pgf/frontendlayer/tikz/libraries/tikzlibrarytopaths.code.tex
File: tikzlibrarytopaths.code.tex 2025-08-29 v3.1.11a (3.1.11a)
))) (/opt/texlive/2026/texmf-dist/tex/latex/tools/tabularx.sty
Package: tabularx 2023/12/11 v2.12a `tabularx' package (DPC)
 (/opt/texlive/2026/texmf-dist/tex/latex/tools/array.sty
Package: array 2025/09/25 v2.6n Tabular extension package (FMi)
\col@sep=\dimen292
\ar@mcellbox=\box68
\extrarowheight=\dimen293
\NC@list=\toks37
\extratabsurround=\skip59
\backup@length=\skip60
\ar@cellbox=\box69
)
\TX@col@width=\dimen294
\TX@old@table=\dimen295
\TX@old@col=\dimen296
\TX@target=\dimen297
\TX@delta=\dimen298
\TX@cols=\count342
\TX@ftn=\toks38
) (/opt/texlive/2026/texmf-dist/tex/latex/adjustbox/adjustbox.sty
Package: adjustbox 2025/02/26 v1.3c Adjusting TeX boxes (trim, clip, ...)
 (/opt/texlive/2026/texmf-dist/tex/latex/xkeyval/xkeyval.sty
Package: xkeyval 2025/11/04 v2.10 package option processing (HA)
 (/opt/texlive/2026/texmf-dist/tex/generic/xkeyval/xkeyval.tex (/opt/texlive/2026/texmf-dist/tex/generic/xkeyval/xkvutils.tex
\XKV@toks=\toks39
\XKV@tempa@toks=\toks40
\XKV@tempb@toks=\toks41
)
\XKV@depth=\count343
File: xkeyval.tex 2014/12/03 v2.7a key=value parser (HA)
)) (/opt/texlive/2026/texmf-dist/tex/latex/adjustbox/adjcalc.sty
Package: adjcalc 2012/05/16 v1.1 Provides advanced setlength with multiple back-ends (calc, etex, pgfmath)
) (/opt/texlive/2026/texmf-dist/tex/latex/adjustbox/trimclip.sty
Package: trimclip 2025/02/21 v1.2a Trim and clip general TeX material
 (/opt/texlive/2026/texmf-dist/tex/latex/collectbox/collectbox.sty
Package: collectbox 2022/10/17 v0.4c Collect macro arguments as boxes
\collectedbox=\box70
)
\tc@llx=\dimen299
\tc@lly=\dimen300
\tc@urx=\dimen301
\tc@ury=\dimen302
Package trimclip Info: Using driver 'tc-pdftex.def'.
 (/opt/texlive/2026/texmf-dist/tex/latex/adjustbox/tc-pdftex.def
File: tc-pdftex.def 2025/02/26 v2.3 Clipping driver for pdftex
))
\adjbox@Width=\dimen303
\adjbox@Height=\dimen304
\adjbox@Depth=\dimen305
\adjbox@Totalheight=\dimen306
\adjbox@pwidth=\dimen307
\adjbox@pheight=\dimen308
\adjbox@pdepth=\dimen309
\adjbox@ptotalheight=\dimen310
 (/opt/texlive/2026/texmf-dist/tex/latex/ifoddpage/ifoddpage.sty
Package: ifoddpage 2022/10/18 v1.2 Conditionals for odd/even page detection
\c@checkoddpage=\count344
) (/opt/texlive/2026/texmf-dist/tex/latex/varwidth/varwidth.sty
Package: varwidth 2009/03/30 ver 0.92;  Variable-width minipages
\@vwid@box=\box71
\sift@deathcycles=\count345
\@vwid@loff=\dimen311
\@vwid@roff=\dimen312
)
==> First Aid for varwidth.sty applied!
) (/opt/texlive/2026/texmf-dist/tex/latex/placeins/placeins.sty
Package: placeins 2005/04/18  v 2.2
) (/opt/texlive/2026/texmf-dist/tex/latex/listings/listings.sty
\lst@mode=\count346
\lst@gtempboxa=\box72
\lst@token=\toks42
\lst@length=\count347
\lst@currlwidth=\dimen313
\lst@column=\count348
\lst@pos=\count349
\lst@lostspace=\dimen314
\lst@width=\dimen315
\lst@newlines=\count350
\lst@lineno=\count351
\lst@maxwidth=\dimen316
 (/opt/texlive/2026/texmf-dist/tex/latex/listings/lstpatch.sty
File: lstpatch.sty 2025/11/14 1.11b (Carsten Heinz)
) (/opt/texlive/2026/texmf-dist/tex/latex/listings/lstmisc.sty
File: lstmisc.sty 2025/11/14 1.11b (Carsten Heinz)
\c@lstnumber=\count352
\lst@skipnumbers=\count353
\lst@framebox=\box73
) (/opt/texlive/2026/texmf-dist/tex/latex/listings/listings.cfg
File: listings.cfg 2025/11/14 1.11b listings configuration
))
Package: listings 2025/11/14 1.11b (Carsten Heinz)

==> First Aid for listings.sty no longer applied!
    Expected:
        2024/09/23 1.10c (Carsten Heinz)
    but found:
        2025/11/14 1.11b (Carsten Heinz)
    so I'm assuming it got fixed.
(/opt/texlive/2026/texmf-dist/tex/latex/psnfss/mathpazo.sty
Package: mathpazo 2020/03/25 PSNFSS-v9.3 Palatino w/ Pazo Math (D.Puga, WaS) 
\symupright=\mathgroup4
) (/opt/texlive/2026/texmf-dist/tex/latex/ragged2e/ragged2e.sty
Package: ragged2e 2023/06/22 v3.6 ragged2e Package
\CenteringLeftskip=\skip61
\RaggedLeftLeftskip=\skip62
\RaggedRightLeftskip=\skip63
\CenteringRightskip=\skip64
\RaggedLeftRightskip=\skip65
\RaggedRightRightskip=\skip66
\CenteringParfillskip=\skip67
\RaggedLeftParfillskip=\skip68
\RaggedRightParfillskip=\skip69
\JustifyingParfillskip=\skip70
\CenteringParindent=\skip71
\RaggedLeftParindent=\skip72
\RaggedRightParindent=\skip73
\JustifyingParindent=\skip74
) (/opt/texlive/2026/texmf-dist/tex/latex/changepage/changepage.sty
Package: changepage 2009/10/20 v1.0c check page and change page layout
\c@cp@cntr=\count354
\cp@tempcnt=\count355
LaTeX Info: Redefining \checkoddpage on input line 59.
)
Package hyperref Info: Option `colorlinks' set `true' on input line 33.
LaTeX Font Info:    Trying to load font information for T1+ppl on input line 46.
 (/opt/texlive/2026/texmf-dist/tex/latex/psnfss/t1ppl.fd
File: t1ppl.fd 2001/06/04 font definitions for T1/ppl.
) (/opt/texlive/2026/texmf-dist/tex/latex/l3backend/l3backend-pdftex.def
File: l3backend-pdftex.def 2025-10-09 L3 backend support: PDF output (pdfTeX)
\l__color_backend_stack_int=\count356
) (./Relazione_Esp_3_Bagini_2045337.aux

LaTeX Warning: Label `fig:grafico1' multiply defined.


LaTeX Warning: Label `fig:grafico2' multiply defined.


LaTeX Warning: Label `fig:grafico1' multiply defined.


LaTeX Warning: Label `fig:grafico2' multiply defined.


LaTeX Warning: Label `fig:grafico1' multiply defined.


LaTeX Warning: Label `fig:grafico2' multiply defined.


LaTeX Warning: Label `fig:grafico1' multiply defined.


LaTeX Warning: Label `fig:grafico2' multiply defined.


LaTeX Warning: Label `fig:grafico1' multiply defined.


LaTeX Warning: Label `fig:grafico2' multiply defined.


LaTeX Warning: Label `fig:grafico1' multiply defined.


LaTeX Warning: Label `fig:grafico2' multiply defined.


LaTeX Warning: Label `fig:grafico1' multiply defined.


LaTeX Warning: Label `fig:grafico2' multiply defined.


LaTeX Warning: Label `fig:grafico1' multiply defined.


LaTeX Warning: Label `fig:grafico2' multiply defined.


LaTeX Warning: Label `fig:grafico1' multiply defined.


LaTeX Warning: Label `fig:grafico2' multiply defined.


LaTeX Warning: Label `fig:grafico1' multiply defined.


LaTeX Warning: Label `fig:grafico2' multiply defined.


LaTeX Warning: Label `fig:grafico1' multiply defined.


LaTeX Warning: Label `fig:grafico2' multiply defined.


LaTeX Warning: Label `fig:grafico1' multiply defined.


LaTeX Warning: Label `fig:grafico2' multiply defined.

)
\openout1 = `Relazione_Esp_3_Bagini_2045337.aux'.

LaTeX Font Info:    Checking defaults for OML/cmm/m/it on input line 46.
LaTeX Font Info:    ... okay on input line 46.
LaTeX Font Info:    Checking defaults for OMS/cmsy/m/n on input line 46.
LaTeX Font Info:    ... okay on input line 46.
LaTeX Font Info:    Checking defaults for OT1/cmr/m/n on input line 46.
LaTeX Font Info:    ... okay on input line 46.
LaTeX Font Info:    Checking defaults for T1/cmr/m/n on input line 46.
LaTeX Font Info:    ... okay on input line 46.
LaTeX Font Info:    Checking defaults for TS1/cmr/m/n on input line 46.
LaTeX Font Info:    ... okay on input line 46.
LaTeX Font Info:    Checking defaults for OMX/cmex/m/n on input line 46.
LaTeX Font Info:    ... okay on input line 46.
LaTeX Font Info:    Checking defaults for U/cmr/m/n on input line 46.
LaTeX Font Info:    ... okay on input line 46.
LaTeX Font Info:    Checking defaults for PD1/pdf/m/n on input line 46.
LaTeX Font Info:    ... okay on input line 46.
LaTeX Font Info:    Checking defaults for PU/pdf/m/n on input line 46.
LaTeX Font Info:    ... okay on input line 46.
 (/opt/texlive/2026/texmf-dist/tex/context/base/mkii/supp-pdf.mkii
[Loading MPS to PDF converter (version 2006.09.02).]
\scratchcounter=\count357
\scratchdimen=\dimen317
\scratchbox=\box74
\nofMPsegments=\count358
\nofMParguments=\count359
\everyMPshowfont=\toks43
\MPscratchCnt=\count360
\MPscratchDim=\dimen318
\MPnumerator=\count361
\makeMPintoPDFobject=\count362
\everyMPtoPDFconversion=\toks44
) (/opt/texlive/2026/texmf-dist/tex/latex/epstopdf-pkg/epstopdf-base.sty
Package: epstopdf-base 2020-01-24 v2.11 Base part for package epstopdf
Package epstopdf-base Info: Redefining graphics rule for `.eps' on input line 485.
 (/opt/texlive/2026/texmf-dist/tex/latex/latexconfig/epstopdf-sys.cfg
File: epstopdf-sys.cfg 2010/07/13 v1.3 Configuration of (r)epstopdf for TeX Live
))
Package hyperref Info: Link coloring ON on input line 46.
 (./Relazione_Esp_3_Bagini_2045337.out) (./Relazione_Esp_3_Bagini_2045337.out)
\@outlinefile=\write4
\openout4 = `Relazione_Esp_3_Bagini_2045337.out'.

Package caption Info: Begin \AtBeginDocument code.
Package caption Info: changepage package is loaded.
\caption@adjustwidth@hsize=\dimen319
\caption@adjustwidth@linewidth=\dimen320
Package caption Info: float package is loaded.
Package caption Info: listings package is loaded.
Package caption Info: End \AtBeginDocument code.
\c@lstlisting=\count363
LaTeX Font Info:    Trying to load font information for OT1+ppl on input line 50.
 (/opt/texlive/2026/texmf-dist/tex/latex/psnfss/ot1ppl.fd
File: ot1ppl.fd 2001/06/04 font definitions for OT1/ppl.
)
LaTeX Font Info:    Trying to load font information for OML+zplm on input line 50.
 (/opt/texlive/2026/texmf-dist/tex/latex/psnfss/omlzplm.fd
File: omlzplm.fd 2002/09/08 Fontinst v1.914 font definitions for OML/zplm.
)
LaTeX Font Info:    Trying to load font information for OMS+zplm on input line 50.
 (/opt/texlive/2026/texmf-dist/tex/latex/psnfss/omszplm.fd
File: omszplm.fd 2002/09/08 Fontinst v1.914 font definitions for OMS/zplm.
)
LaTeX Font Info:    Trying to load font information for OMX+zplm on input line 50.
 (/opt/texlive/2026/texmf-dist/tex/latex/psnfss/omxzplm.fd
File: omxzplm.fd 2002/09/08 Fontinst v1.914 font definitions for OMX/zplm.
)
LaTeX Font Info:    Trying to load font information for OT1+zplm on input line 50.
 (/opt/texlive/2026/texmf-dist/tex/latex/psnfss/ot1zplm.fd
File: ot1zplm.fd 2002/09/08 Fontinst v1.914 font definitions for OT1/zplm.
) [1

{/opt/texlive/2026/texmf-var/fonts/map/pdftex/updmap/pdftex.map}{/opt/texlive/2026/texmf-dist/fonts/enc/dvips/base/8r.enc}]
Overfull \hbox (1.02423pt too wide) in paragraph at lines 52--53
[]\T1/ppl/m/n/12 Complessivamente, gli sce-nari sper-i-men-tali con-siderati sono i seguenti: 
 []

LaTeX Font Info:    Trying to load font information for TS1+ppl on input line 70.
(/opt/texlive/2026/texmf-dist/tex/latex/psnfss/ts1ppl.fd
File: ts1ppl.fd 2001/06/04 font definitions for TS1/ppl.
) [2] [3]

LaTeX Warning: `h' float specifier changed to `ht'.


Overfull \hbox (31.03908pt too wide) in paragraph at lines 162--201
 [][] 
 []


LaTeX Warning: `h' float specifier changed to `ht'.

[4] [5] [6]
Overfull \hbox (20.44278pt too wide) in paragraph at lines 207--208
\T1/ppl/m/n/12 l'incremento del bud-get en-er-getico non si tra-duce au-to-mati-ca-mente in migliori
 []

<comparison_algos_40000.png, id=62, 1517.67pt x 578.16pt>
File: comparison_algos_40000.png Graphic file (type png)
<use comparison_algos_40000.png>
Package pdftex.def Info: comparison_algos_40000.png  used on input line 215.
(pdftex.def)             Requested size: 552.86812pt x 210.61642pt.

Overfull \hbox (79.78989pt too wide) in paragraph at lines 212--216
|  [] 
 []

<comparison_algos_60000.png, id=64, 1517.67pt x 578.16pt>
File: comparison_algos_60000.png Graphic file (type png)
<use comparison_algos_60000.png>
Package pdftex.def Info: comparison_algos_60000.png  used on input line 224.
(pdftex.def)             Requested size: 552.86812pt x 210.61642pt.

Overfull \hbox (79.78989pt too wide) in paragraph at lines 222--225
|  [] 
 []

[7

]
<comparison_algos_80000.png, id=70, 1517.67pt x 578.16pt>
File: comparison_algos_80000.png Graphic file (type png)
<use comparison_algos_80000.png>
Package pdftex.def Info: comparison_algos_80000.png  used on input line 233.
(pdftex.def)             Requested size: 552.86812pt x 210.61642pt.

Overfull \hbox (79.78989pt too wide) in paragraph at lines 230--234
|  [] 
 []

<rejection_causes_40000.png, id=71, 1517.67pt x 578.16pt>
File: rejection_causes_40000.png Graphic file (type png)
<use rejection_causes_40000.png>
Package pdftex.def Info: rejection_causes_40000.png  used on input line 242.
(pdftex.def)             Requested size: 552.86812pt x 210.61642pt.

Overfull \hbox (79.78989pt too wide) in paragraph at lines 240--243
|  [] 
 []

[8 <./comparison_algos_40000.png> <./comparison_algos_60000.png>]
<rejection_causes_60000.png, id=79, 1517.67pt x 578.16pt>
File: rejection_causes_60000.png Graphic file (type png)
<use rejection_causes_60000.png>
Package pdftex.def Info: rejection_causes_60000.png  used on input line 251.
(pdftex.def)             Requested size: 552.86812pt x 210.61642pt.

Overfull \hbox (79.78989pt too wide) in paragraph at lines 248--252
|  [] 
 []

<rejection_causes_80000.png, id=80, 1517.67pt x 578.16pt>
File: rejection_causes_80000.png Graphic file (type png)
<use rejection_causes_80000.png>
Package pdftex.def Info: rejection_causes_80000.png  used on input line 260.
(pdftex.def)             Requested size: 552.86812pt x 210.61642pt.

Overfull \hbox (79.78989pt too wide) in paragraph at lines 258--261
|  [] 
 []

[9 <./comparison_algos_80000.png> <./rejection_causes_40000.png>]
<comparison_algos_img_0_0_1_0_0_1.png, id=88, 1517.67pt x 578.16pt>
File: comparison_algos_img_0_0_1_0_0_1.png Graphic file (type png)
<use comparison_algos_img_0_0_1_0_0_1.png>
Package pdftex.def Info: comparison_algos_img_0_0_1_0_0_1.png  used on input line 269.
(pdftex.def)             Requested size: 552.86812pt x 210.61642pt.

Overfull \hbox (79.78989pt too wide) in paragraph at lines 266--270
|  [] 
 []

<comparison_algos_img_0_0_1_0_1_0.png, id=89, 1517.67pt x 578.16pt>
File: comparison_algos_img_0_0_1_0_1_0.png Graphic file (type png)
<use comparison_algos_img_0_0_1_0_1_0.png>
Package pdftex.def Info: comparison_algos_img_0_0_1_0_1_0.png  used on input line 278.
(pdftex.def)             Requested size: 552.86812pt x 210.61642pt.

Overfull \hbox (79.78989pt too wide) in paragraph at lines 276--279
|  [] 
 []

[10 <./rejection_causes_60000.png> <./rejection_causes_80000.png>]
<comparison_algos_img_0_0_1_0_0.3_0.7.png, id=97, 1517.67pt x 578.16pt>
File: comparison_algos_img_0_0_1_0_0.3_0.7.png Graphic file (type png)
<use comparison_algos_img_0_0_1_0_0.3_0.7.png>
Package pdftex.def Info: comparison_algos_img_0_0_1_0_0.3_0.7.png  used on input line 287.
(pdftex.def)             Requested size: 552.86812pt x 210.61642pt.

Overfull \hbox (79.78989pt too wide) in paragraph at lines 284--288
|  [] 
 []

<comparison_algos_img_0_0_1_0_0.5_0.5.png, id=98, 1517.67pt x 578.16pt>
File: comparison_algos_img_0_0_1_0_0.5_0.5.png Graphic file (type png)
<use comparison_algos_img_0_0_1_0_0.5_0.5.png>
Package pdftex.def Info: comparison_algos_img_0_0_1_0_0.5_0.5.png  used on input line 296.
(pdftex.def)             Requested size: 552.86812pt x 210.61642pt.

Overfull \hbox (79.78989pt too wide) in paragraph at lines 294--297
|  [] 
 []

[11 <./comparison_algos_img_0_0_1_0_0_1.png> <./comparison_algos_img_0_0_1_0_1_0.png>]
<comparison_algos_img_0_0_1_0_0.7_0.3.png, id=106, 1517.67pt x 578.16pt>
File: comparison_algos_img_0_0_1_0_0.7_0.3.png Graphic file (type png)
<use comparison_algos_img_0_0_1_0_0.7_0.3.png>
Package pdftex.def Info: comparison_algos_img_0_0_1_0_0.7_0.3.png  used on input line 305.
(pdftex.def)             Requested size: 552.86812pt x 210.61642pt.

Overfull \hbox (79.78989pt too wide) in paragraph at lines 302--306
|  [] 
 []

<comparison_algos_img_0.45_0.35_0.25_0_0_1.png, id=107, 1517.67pt x 578.16pt>
File: comparison_algos_img_0.45_0.35_0.25_0_0_1.png Graphic file (type png)
<use comparison_algos_img_0.45_0.35_0.25_0_0_1.png>
Package pdftex.def Info: comparison_algos_img_0.45_0.35_0.25_0_0_1.png  used on input line 314.
(pdftex.def)             Requested size: 552.86812pt x 210.61642pt.

Overfull \hbox (79.78989pt too wide) in paragraph at lines 312--315
|  [] 
 []

[12 <./comparison_algos_img_0_0_1_0_0.3_0.7.png> <./comparison_algos_img_0_0_1_0_0.5_0.5.png>]
<comparison_algos_img_0.45_0.35_0.25_0_0.3_0.7.png, id=115, 1517.67pt x 578.16pt>
File: comparison_algos_img_0.45_0.35_0.25_0_0.3_0.7.png Graphic file (type png)
<use comparison_algos_img_0.45_0.35_0.25_0_0.3_0.7.png>
Package pdftex.def Info: comparison_algos_img_0.45_0.35_0.25_0_0.3_0.7.png  used on input line 323.
(pdftex.def)             Requested size: 552.86812pt x 210.61642pt.

Overfull \hbox (79.78989pt too wide) in paragraph at lines 320--324
|  [] 
 []

<comparison_algos_img_0.45_0.35_0.25_0_0.5_0.5.png, id=116, 1517.67pt x 578.16pt>
File: comparison_algos_img_0.45_0.35_0.25_0_0.5_0.5.png Graphic file (type png)
<use comparison_algos_img_0.45_0.35_0.25_0_0.5_0.5.png>
Package pdftex.def Info: comparison_algos_img_0.45_0.35_0.25_0_0.5_0.5.png  used on input line 332.
(pdftex.def)             Requested size: 552.86812pt x 210.61642pt.

Overfull \hbox (79.78989pt too wide) in paragraph at lines 330--333
|  [] 
 []

[13 <./comparison_algos_img_0_0_1_0_0.7_0.3.png> <./comparison_algos_img_0.45_0.35_0.25_0_0_1.png>]
<comparison_algos_img_0.45_0.35_0.25_0_0.7_0.3.png, id=125, 1517.67pt x 578.16pt>
File: comparison_algos_img_0.45_0.35_0.25_0_0.7_0.3.png Graphic file (type png)
<use comparison_algos_img_0.45_0.35_0.25_0_0.7_0.3.png>
Package pdftex.def Info: comparison_algos_img_0.45_0.35_0.25_0_0.7_0.3.png  used on input line 341.
(pdftex.def)             Requested size: 552.86812pt x 210.61642pt.

Overfull \hbox (79.78989pt too wide) in paragraph at lines 338--342
|  [] 
 []

<comparison_algos_img_0.45_0.35_0.25_0_1_0.png, id=126, 1517.67pt x 578.16pt>
File: comparison_algos_img_0.45_0.35_0.25_0_1_0.png Graphic file (type png)
<use comparison_algos_img_0.45_0.35_0.25_0_1_0.png>
Package pdftex.def Info: comparison_algos_img_0.45_0.35_0.25_0_1_0.png  used on input line 350.
(pdftex.def)             Requested size: 552.86812pt x 210.61642pt.

Overfull \hbox (79.78989pt too wide) in paragraph at lines 348--351
|  [] 
 []

[14 <./comparison_algos_img_0.45_0.35_0.25_0_0.3_0.7.png> <./comparison_algos_img_0.45_0.35_0.25_0_0.5_0.5.png>]
<B0_0_1A0_0_1.png, id=134, 1517.67pt x 578.16pt>
File: B0_0_1A0_0_1.png Graphic file (type png)
<use B0_0_1A0_0_1.png>
Package pdftex.def Info: B0_0_1A0_0_1.png  used on input line 362.
(pdftex.def)             Requested size: 552.86812pt x 210.61642pt.

Overfull \hbox (79.78989pt too wide) in paragraph at lines 359--363
|  [] 
 []

<B0_0_1A0_0.3_0.7.png, id=135, 1517.67pt x 578.16pt>
File: B0_0_1A0_0.3_0.7.png Graphic file (type png)
<use B0_0_1A0_0.3_0.7.png>
Package pdftex.def Info: B0_0_1A0_0.3_0.7.png  used on input line 371.
(pdftex.def)             Requested size: 552.86812pt x 210.61642pt.

Overfull \hbox (79.78989pt too wide) in paragraph at lines 369--372
|  [] 
 []

[15 <./comparison_algos_img_0.45_0.35_0.25_0_0.7_0.3.png> <./comparison_algos_img_0.45_0.35_0.25_0_1_0.png>]
<B0_0_1A0_0.5_0.5.png, id=143, 1517.67pt x 578.16pt>
File: B0_0_1A0_0.5_0.5.png Graphic file (type png)
<use B0_0_1A0_0.5_0.5.png>
Package pdftex.def Info: B0_0_1A0_0.5_0.5.png  used on input line 380.
(pdftex.def)             Requested size: 552.86812pt x 210.61642pt.

Overfull \hbox (79.78989pt too wide) in paragraph at lines 377--381
|  [] 
 []

<B0_0_1A0_0.7_0.3.png, id=144, 1517.67pt x 578.16pt>
File: B0_0_1A0_0.7_0.3.png Graphic file (type png)
<use B0_0_1A0_0.7_0.3.png>
Package pdftex.def Info: B0_0_1A0_0.7_0.3.png  used on input line 389.
(pdftex.def)             Requested size: 552.86812pt x 210.61642pt.

Overfull \hbox (79.78989pt too wide) in paragraph at lines 387--390
|  [] 
 []

[16 <./B0_0_1A0_0_1.png> <./B0_0_1A0_0.3_0.7.png>]
<B0_0_1A0_1_0.png, id=152, 1517.67pt x 578.16pt>
File: B0_0_1A0_1_0.png Graphic file (type png)
<use B0_0_1A0_1_0.png>
Package pdftex.def Info: B0_0_1A0_1_0.png  used on input line 398.
(pdftex.def)             Requested size: 552.86812pt x 210.61642pt.

Overfull \hbox (79.78989pt too wide) in paragraph at lines 395--399
|  [] 
 []

<B0.4_0.35_0.25A0_0_1.png, id=153, 1517.67pt x 578.16pt>
File: B0.4_0.35_0.25A0_0_1.png Graphic file (type png)
<use B0.4_0.35_0.25A0_0_1.png>
Package pdftex.def Info: B0.4_0.35_0.25A0_0_1.png  used on input line 407.
(pdftex.def)             Requested size: 552.86812pt x 210.61642pt.

Overfull \hbox (79.78989pt too wide) in paragraph at lines 405--408
|  [] 
 []

[17 <./B0_0_1A0_0.5_0.5.png> <./B0_0_1A0_0.7_0.3.png>]
<B0.4_0.35_0.25A0_0.3_0.7.png, id=161, 1517.67pt x 578.16pt>
File: B0.4_0.35_0.25A0_0.3_0.7.png Graphic file (type png)
<use B0.4_0.35_0.25A0_0.3_0.7.png>
Package pdftex.def Info: B0.4_0.35_0.25A0_0.3_0.7.png  used on input line 416.
(pdftex.def)             Requested size: 552.86812pt x 210.61642pt.

Overfull \hbox (79.78989pt too wide) in paragraph at lines 413--417
|  [] 
 []

<B0.4_0.35_0.25A0_0.5_0.5.png, id=162, 1517.67pt x 578.16pt>
File: B0.4_0.35_0.25A0_0.5_0.5.png Graphic file (type png)
<use B0.4_0.35_0.25A0_0.5_0.5.png>
Package pdftex.def Info: B0.4_0.35_0.25A0_0.5_0.5.png  used on input line 425.
(pdftex.def)             Requested size: 552.86812pt x 210.61642pt.

Overfull \hbox (79.78989pt too wide) in paragraph at lines 423--426
|  [] 
 []

[18 <./B0_0_1A0_1_0.png> <./B0.4_0.35_0.25A0_0_1.png>]
<B0.4_0.35_0.25A0_0.7_0.3.png, id=170, 1517.67pt x 578.16pt>
File: B0.4_0.35_0.25A0_0.7_0.3.png Graphic file (type png)
<use B0.4_0.35_0.25A0_0.7_0.3.png>
Package pdftex.def Info: B0.4_0.35_0.25A0_0.7_0.3.png  used on input line 434.
(pdftex.def)             Requested size: 552.86812pt x 210.61642pt.

Overfull \hbox (79.78989pt too wide) in paragraph at lines 431--435
|  [] 
 []

<B0.4_0.35_0.25A0_1_0.png, id=171, 1517.67pt x 578.16pt>
File: B0.4_0.35_0.25A0_1_0.png Graphic file (type png)
<use B0.4_0.35_0.25A0_1_0.png>
Package pdftex.def Info: B0.4_0.35_0.25A0_1_0.png  used on input line 443.
(pdftex.def)             Requested size: 552.86812pt x 210.61642pt.

Overfull \hbox (79.78989pt too wide) in paragraph at lines 441--444
|  [] 
 []

[19 <./B0.4_0.35_0.25A0_0.3_0.7.png> <./B0.4_0.35_0.25A0_0.5_0.5.png>] [20 <./B0.4_0.35_0.25A0_0.7_0.3.png> <./B0.4_0.35_0.25A0_1_0.png>] (./Relazione_Esp_3_Bagini_2045337.aux)
 ***********
LaTeX2e <2025-11-01>
L3 programming layer <2026-01-19>
 ***********


LaTeX Warning: There were multiply-defined labels.

Package rerunfilecheck Info: File `Relazione_Esp_3_Bagini_2045337.out' has not changed.
(rerunfilecheck)             Checksum: D2E20441248D34CBBF266A28360EBA9B;465.
 ) 
Here is how much of TeX's memory you used:
 24820 strings out of 467525
 455213 string characters out of 5393692
 857139 words of memory out of 5000000
 53254 multiletter control sequences out of 15000+600000
 660631 words of font info for 105 fonts, out of 8000000 for 9000
 1141 hyphenation exceptions out of 8191
 84i,10n,104p,2182b,577s stack positions out of 10000i,1000n,20000p,200000b,200000s
</opt/texlive/2026/texmf-dist/fonts/type1/public/amsfonts/cm/cmr10.pfb></opt/texlive/2026/texmf-dist/fonts/type1/public/amsfonts/cm/cmsy10.pfb></opt/texlive/2026/texmf-dist/fonts/type1/public/mathpazo/fplmri.pfb></opt/texlive/2026/texmf-dist/fonts/type1/urw/palatino/uplb8a.pfb></opt/texlive/2026/texmf-dist/fonts/type1/urw/palatino/uplr8a.pfb></opt/texlive/2026/texmf-dist/fonts/type1/urw/palatino/uplri8a.pfb>
Output written on Relazione_Esp_3_Bagini_2045337.pdf (20 pages, 9375502 bytes).
PDF statistics:
 228 PDF objects out of 1000 (max. 8388607)
 140 compressed objects within 2 object streams
 41 named destinations out of 1000 (max. 500000)
 183 words of extra memory for PDF output out of 10000 (max. 10000000)

